# First failure per official Lua 5.4.9 test file.
# status: ok | line:N | timeout | panic
vararg.lua	ok
closure.lua	ok
gc.lua	ok
nextvar.lua	ok
pm.lua	ok
utf8.lua	ok
sort.lua	ok
strings.lua	line:248
math.lua	ok
verybig.lua	ok
constructs.lua	ok
locals.lua	line:493
goto.lua	ok
calls.lua	ok
events.lua	ok
bitwise.lua	ok
tpack.lua	ok
literals.lua	ok
attrib.lua	ok
coroutine.lua	line:271
