# First failure per official Lua 5.4.9 test file.
# status: ok | line:N | timeout | panic
vararg.lua	ok
closure.lua	ok
gc.lua	line:298
nextvar.lua	ok
pm.lua	line:436
utf8.lua	ok
sort.lua	ok
strings.lua	line:194
math.lua	line:825
verybig.lua	ok
constructs.lua	ok
locals.lua	line:418
goto.lua	ok
calls.lua	line:331
events.lua	ok
bitwise.lua	ok
tpack.lua	ok
literals.lua	line:231
attrib.lua	ok
coroutine.lua	line:238
