# First failure per official Lua 5.4.9 test file.
# status: ok | line:N | timeout | panic
vararg.lua	ok
closure.lua	timeout
nextvar.lua	line:364
pm.lua	line:436
utf8.lua	ok
sort.lua	line:199
strings.lua	line:171
math.lua	line:290
verybig.lua	ok
constructs.lua	line:247
locals.lua	line:8
goto.lua	line:21
calls.lua	line:120
events.lua	line:196
bitwise.lua	ok
literals.lua	line:41
attrib.lua	line:9
coroutine.lua	line:50
